HTTP/1.1 200 OK
Content-Type: application/json
Access-Control-Allow-Origin: *
Access-Control-Allow-Headers: Origin, X-Requested-With, Content-Type, Accept
Date: Fri, 29 May 2015 21:34:26 GMT
Server: Google Frontend
Content-Length: 21
Alternate-Protocol: 80:quic,p=0

